// Jest Snapshot v1, https://goo.gl/fbAQLP

exports[`Model #findOne returns the expected record 1`] = `
Instance {
  "action_record_id": "some-string",
  "created_at": "2009-07-12T20:10:41Z",
  "issue_number": 1,
  "modelName": "user",
}
`;
